Failed on https://www.osta.ee/ew-telefoniabonentide-nimekiri-andmeil-1-veebr-1939-151836583.html.
Failed on https://www.osta.ee/kahetoaline-korter-paldiski-kesklinnas-tuule-2-6-47-3-m2-151549820.html.
Failed on https://www.osta.ee/mutsy-evo-vankrikomplekt-2in1-152031063.html.
Failed on https://www.osta.ee/emporio-armani-uus-vaga-pehme-kampsun-m-suurus-259-euri-151158542.html.
Failed on https://www.osta.ee/kolarid-akustiline-susteem-orbita-35as-016-nl-aegsed-korras-151605591.html.
Failed on https://www.osta.ee/saravad-ehted-hulgi-151076102.html.
Failed on https://www.osta.ee/emporio-armani-uus-vaga-pehme-kampsun-m-suurus-259-euri-151158542.html.
Failed on https://www.osta.ee/ew-telefoniabonentide-nimekiri-andmeil-1-veebr-1939-151836583.html.
Failed on https://www.osta.ee/aktimaal-151786116.html.
